zzzzzzzzzz##########
zz@@@@@@@@@@@@@#####
zz@zzzzzzz####@#####
zz@zzzzzzz####@#####
zz@zzzzzzz####@#####
zz@zzzz===========##
zz@zzzz=zz####@##=##
zz@zzzz=zz####@##=##
zz@zzzz=zz####@##=##
zz@zzzz=zz####@##=##
//@////=//\\\\@\\=\\
//@////=//\\\\@\\=\\
//@@@@@=@@@@@@@\\=\\
///////=//\\\\\\\=\\
///////=//\\\\\\\=\\
///////=//\\\\\\\=\\
///////=//\\\\\\\=\\
///////===========\\
//////////\\\\\\\\\\
//////////\\\\\\\\\\